// Jest Snapshot v1, https://goo.gl/fbAQLP

exports[`Page renders homepage unchanged 1`] = `
<div>
  <main
    class="flex flex-col items-center p-10 pt-20"
  >
    <h1
      class="text-4xl mb-4"
    >
      Conway's Game of Life
    </h1>
    <p>
      A cellular automaton simulation.
    </p>
  </main>
</div>
`;
